------------------------------------------------------------
Timing Analyzer Summary
------------------------------------------------------------

Type  : Slow 1200mV 85C Model Setup 'Away1s'
Slack : -0.178
TNS   : -0.456

Type  : Slow 1200mV 85C Model Setup 'Away10s'
Slack : -0.177
TNS   : -0.453

Type  : Slow 1200mV 85C Model Setup 'Home10s'
Slack : -0.172
TNS   : -0.455

Type  : Slow 1200mV 85C Model Setup 'Home1s'
Slack : -0.172
TNS   : -0.448

Type  : Slow 1200mV 85C Model Hold 'Away10s'
Slack : 0.440
TNS   : 0.000

Type  : Slow 1200mV 85C Model Hold 'Away1s'
Slack : 0.440
TNS   : 0.000

Type  : Slow 1200mV 85C Model Hold 'Home10s'
Slack : 0.440
TNS   : 0.000

Type  : Slow 1200mV 85C Model Hold 'Home1s'
Slack : 0.440
TNS   : 0.000

Type  : Slow 1200mV 85C Model Minimum Pulse Width 'Away10s'
Slack : -3.000
TNS   : -8.140

Type  : Slow 1200mV 85C Model Minimum Pulse Width 'Away1s'
Slack : -3.000
TNS   : -8.140

Type  : Slow 1200mV 85C Model Minimum Pulse Width 'Home10s'
Slack : -3.000
TNS   : -8.140

Type  : Slow 1200mV 85C Model Minimum Pulse Width 'Home1s'
Slack : -3.000
TNS   : -8.140

Type  : Slow 1200mV 0C Model Setup 'Away1s'
Slack : -0.052
TNS   : -0.100

Type  : Slow 1200mV 0C Model Setup 'Away10s'
Slack : -0.051
TNS   : -0.099

Type  : Slow 1200mV 0C Model Setup 'Home10s'
Slack : -0.046
TNS   : -0.098

Type  : Slow 1200mV 0C Model Setup 'Home1s'
Slack : -0.046
TNS   : -0.092

Type  : Slow 1200mV 0C Model Hold 'Away10s'
Slack : 0.387
TNS   : 0.000

Type  : Slow 1200mV 0C Model Hold 'Away1s'
Slack : 0.387
TNS   : 0.000

Type  : Slow 1200mV 0C Model Hold 'Home10s'
Slack : 0.387
TNS   : 0.000

Type  : Slow 1200mV 0C Model Hold 'Home1s'
Slack : 0.387
TNS   : 0.000

Type  : Slow 1200mV 0C Model Minimum Pulse Width 'Away10s'
Slack : -3.000
TNS   : -8.140

Type  : Slow 1200mV 0C Model Minimum Pulse Width 'Away1s'
Slack : -3.000
TNS   : -8.140

Type  : Slow 1200mV 0C Model Minimum Pulse Width 'Home10s'
Slack : -3.000
TNS   : -8.140

Type  : Slow 1200mV 0C Model Minimum Pulse Width 'Home1s'
Slack : -3.000
TNS   : -8.140

Type  : Fast 1200mV 0C Model Setup 'Home10s'
Slack : 0.431
TNS   : 0.000

Type  : Fast 1200mV 0C Model Setup 'Home1s'
Slack : 0.433
TNS   : 0.000

Type  : Fast 1200mV 0C Model Setup 'Away10s'
Slack : 0.434
TNS   : 0.000

Type  : Fast 1200mV 0C Model Setup 'Away1s'
Slack : 0.435
TNS   : 0.000

Type  : Fast 1200mV 0C Model Hold 'Away10s'
Slack : 0.201
TNS   : 0.000

Type  : Fast 1200mV 0C Model Hold 'Away1s'
Slack : 0.201
TNS   : 0.000

Type  : Fast 1200mV 0C Model Hold 'Home10s'
Slack : 0.201
TNS   : 0.000

Type  : Fast 1200mV 0C Model Hold 'Home1s'
Slack : 0.201
TNS   : 0.000

Type  : Fast 1200mV 0C Model Minimum Pulse Width 'Away10s'
Slack : -3.000
TNS   : -7.564

Type  : Fast 1200mV 0C Model Minimum Pulse Width 'Away1s'
Slack : -3.000
TNS   : -7.348

Type  : Fast 1200mV 0C Model Minimum Pulse Width 'Home10s'
Slack : -3.000
TNS   : -7.348

Type  : Fast 1200mV 0C Model Minimum Pulse Width 'Home1s'
Slack : -3.000
TNS   : -7.332

------------------------------------------------------------
